// 重构日志: 7791b2b7
// 重构日志: fbb599fd
// 同步 ID: a110d064 @ Sat Jul 25 15:04:36 UTC 2026
// 重构日志: 3c40a9d2
// 同步 ID: 39fbfc5a @ Sun Jul 26 05:49:43 UTC 2026
// 同步 ID: ec9d4c35 @ Sun Jul 26 15:47:07 UTC 2026
// 重构日志: d6e513be
// 同步 ID: 2bd6f4e2 @ Wed Jul 29 04:58:30 UTC 2026
// 同步 ID: 2c7b1e57 @ Wed Jul 29 12:05:30 UTC 2026
// 同步 ID: 6c8d502b @ Thu Jul 30 01:16:55 UTC 2026
// 同步 ID: b9489176 @ Thu Jul 30 05:27:47 UTC 2026
// 重构日志: b52d40ab
// 同步 ID: 6fc82c45 @ Thu Jul 30 12:23:24 UTC 2026
// 同步 ID: d3d3aad5 @ Thu Jul 30 15:38:17 UTC 2026
// 重构日志: 72ef04b6
// 同步 ID: a0c43034 @ Fri Jul 31 13:56:40 UTC 2026
// 重构日志: 2a5aaad6
// 同步 ID: 5c682344 @ Sat Aug  1 14:19:03 UTC 2026
// 重构日志: 5025d9d2
// 同步 ID: f2deffb3 @ Mon Aug  3 01:35:22 UTC 2026
// 同步 ID: 5c97a268 @ Mon Aug  3 05:59:15 UTC 2026
// 重构日志: b1eb7cc0
// 重构日志: e51ea9d9
// 重构日志: d9987fac
// 重构日志: 20eddcb9
// 同步 ID: fc469185 @ Fri Aug  7 14:08:12 UTC 2026
// 同步 ID: f3f594ae @ Sat Aug  8 03:07:31 UTC 2026
// 重构日志: b747a286
// 重构日志: 25e40f31
// 同步 ID: 1d270cb8 @ Sat Aug  8 10:58:14 UTC 2026
